{
  "id": "sample_010",
  "input": "総合システム概要: 営業ロープレシステムにおける自動化機能の統合完了",
  "reference": "営業ロープレ 自動化 統合 システム"
}
