{
  "id": "sample_005",
  "input": "効率化施策報告: 無駄削減により開発プロセスを最適化しました",
  "reference": "無駄削減 開発プロセス 最適化 効率化"
}
