{
  "id": "sample_008",
  "input": "ユーザー体験の改善: フィードバック効率化によりレスポンス時間を短縮",
  "reference": "フィードバック効率化 レスポンス時間 短縮 改善"
}
