{
  "id": "sample_003",
  "input": "システム品質向上の要点: 品質ゲートの設置とテスト強化を実施しました",
  "reference": "品質ゲート テスト強化 システム 品質向上"
}
