{
  "id": "sample_001",
  "input": "大事なポイントを3つに要約してください: 今日は営業ロープレの自動化、暴走防止、CI整備を行った",
  "reference": "営業ロープレ 自動化 暴走防止 CI 整備"
}
