{
  "id": "sample_007",
  "input": "監視ツール構築状況: 分析ダッシュボードの設置が完了し、メトリクスを可視化できます",
  "reference": "分析ダッシュボード メトリクス 可視化 監視"
}
