{
  "id": "sample_004",
  "input": "セキュリティ対策の実装概要: セキュリティ検知機能の導入により脆弱性をチェックしています",
  "reference": "セキュリティ検知 脆弱性 チェック 機能"
}
