{
  "id": "sample_006",
  "input": "AIシステムの改善点: 学習改善によりモデル精度が向上しています",
  "reference": "学習改善 モデル精度 向上 AIシステム"
}
