{
  "id": "sample_009",
  "input": "DevOpsパイプライン整備: CI整備によりデプロイの自動化を実現しました",
  "reference": "CI整備 デプロイ 自動化 DevOps"
}
